[        ] Caching disabled for ExternalDependencyInstrumentingArtifactTransform: /home/runner/.gradle/caches/9.1.0/transforms/3a5cf4892be0311e458c96d8e0b10579/transformed/merge/instrumentation-dependencies.bin because:
[        ]   Build cache is disabled
[        ]   Caching not enabled.
[        ] Caching disabled for ExternalDependencyInstrumentingArtifactTransform: /home/runner/.gradle/caches/modules-2/files-2.1/io.netty/netty-buffer/4.1.93.Final/87fac21f4ef95157866b07b48e3c707a2f13c581/netty-buffer-4.1.93.Final.jar because:
[        ]   Build cache is disabled
[        ]   Caching not enabled.
[        ] Caching disabled for ExternalDependencyInstrumentingArtifactTransform: /home/runner/.gradle/caches/modules-2/files-2.1/io.netty/netty-transport/4.1.93.Final/1a0894915c8027ce83b4d6a811c4e765955efd15/netty-transport-4.1.93.Final.jar because:
[        ]   Build cache is disabled
[        ]   Caching not enabled.
[  +89 ms] Caching disabled for ExternalDependencyInstrumentingArtifactTransform: /home/runner/.gradle/caches/modules-2/files-2.1/io.netty/netty-common/4.1.93.Final/1cfc49b91b0d3ddb30c9f7d8467e5d02ae8babdf/netty-common-4.1.93.Final.jar because:
[        ]   Build cache is disabled
[        ]   Caching not enabled.
[+2499 ms] Caching disabled for ExternalDependencyInstrumentingArtifactTransform: /home/runner/.gradle/caches/modules-2/files-2.1/org.jetbrains.kotlin/kotlin-compiler-embeddable/1.9.22/9cd4dc7773cf2a99ecd961a88fbbc9a2da3fb5e1/kotlin-compiler-embeddable-1.9.22.jar because:
[        ]   Build cache is disabled
[        ]   Caching not enabled.
[+2599 ms] Caching disabled for Groovy DSL script compilation (proj) because:
[        ]   Build cache is disabled
[        ]   Not worth caching.
[        ] Compiling build file '/home/runner/.pub-cache/hosted/pub.dev/auto_start_flutter-1.4.0/android/build.gradle' using BuildScriptTransformer.
[ +200 ms] [Incubating] Problems report is available at: file:///home/runner/work/bounty-do/bounty-do/gamified_todo/android/build/reports/problems/problems-report.html
[        ] FAILURE: Build completed with 2 failures.
[   +2 ms] 1: Task failed with an exception.
[        ] -----------
[        ] * Where:
[        ] Build file '/home/runner/.pub-cache/hosted/pub.dev/auto_start_flutter-1.4.0/android/build.gradle' line: 21
[        ] * What went wrong:
[        ] A problem occurred evaluating project ':auto_start_flutter'.
[        ] > Could not find method jcenter() for arguments [] on repository container of type org.gradle.api.internal.artifacts.dsl.DefaultRepositoryHandler.
[        ] * Try:
[        ] > Run with --debug option to get more log output.
[        ] > Run with --scan to generate a Build Scan (Powered by Develocity).
[        ] > Get more help at https://help.gradle.org.
[        ] * Exception is:
[        ] org.gradle.api.GradleScriptException: A problem occurred evaluating project ':auto_start_flutter'.
[        ] 	at org.gradle.groovy.scripts.internal.DefaultScriptRunnerFactory$ScriptRunnerImpl.run(DefaultScriptRunnerFactory.java:93)
[        ] 	at org.gradle.configuration.DefaultScriptPluginFactory$ScriptPluginImpl.lambda$apply$1(DefaultScriptPluginFactory.java:141)
[        ] 	at org.gradle.configuration.ProjectScriptTarget.addConfiguration(ProjectScriptTarget.java:79)
[        ] 	at org.gradle.configuration.DefaultScriptPluginFactory$ScriptPluginImpl.apply(DefaultScriptPluginFactory.java:144)
[        ] 	at org.gradle.configuration.BuildOperationScriptPlugin$1.run(BuildOperationScriptPlugin.java:68)
--
[        ] 	at org.gradle.launcher.daemon.server.api.DaemonCommandExecution.proceed(DaemonCommandExecution.java:104)
[        ] 	at org.gradle.launcher.daemon.server.exec.ForwardClientInput.lambda$execute$0(ForwardClientInput.java:40)
[        ] 	at org.gradle.internal.daemon.clientinput.ClientInputForwarder.forwardInput(ClientInputForwarder.java:80)
[        ] 	at org.gradle.launcher.daemon.server.exec.ForwardClientInput.execute(ForwardClientInput.java:37)
[        ] 	at org.gradle.launcher.daemon.server.api.DaemonCommandExecution.proceed(DaemonCommandExecution.java:104)
[        ] 	at org.gradle.launcher.daemon.server.exec.LogAndCheckHealth.execute(LogAndCheckHealth.java:64)
[        ] 	at org.gradle.launcher.daemon.server.api.DaemonCommandExecution.proceed(DaemonCommandExecution.java:104)
[        ] 	at org.gradle.launcher.daemon.server.exec.LogToClient.doBuild(LogToClient.java:63)
[        ] 	at org.gradle.launcher.daemon.server.exec.BuildCommandOnly.execute(BuildCommandOnly.java:37)
[        ] 	at org.gradle.launcher.daemon.server.api.DaemonCommandExecution.proceed(DaemonCommandExecution.java:104)
[        ] 	at org.gradle.launcher.daemon.server.exec.EstablishBuildEnvironment.doBuild(EstablishBuildEnvironment.java:84)
[        ] 	at org.gradle.launcher.daemon.server.exec.BuildCommandOnly.execute(BuildCommandOnly.java:37)
[        ] 	at org.gradle.launcher.daemon.server.api.DaemonCommandExecution.proceed(DaemonCommandExecution.java:104)
[        ] 	at org.gradle.launcher.daemon.server.exec.StartBuildOrRespondWithBusy$1.run(StartBuildOrRespondWithBusy.java:52)
[        ] 	at org.gradle.launcher.daemon.server.DaemonStateCoordinator.lambda$runCommand$0(DaemonStateCoordinator.java:321)
[        ] 	at org.gradle.internal.concurrent.ExecutorPolicy$CatchAndRecordFailures.onExecute(ExecutorPolicy.java:64)
[        ] 	at org.gradle.internal.concurrent.AbstractManagedExecutor$1.run(AbstractManagedExecutor.java:47)
[        ] 	at java.base/java.util.concurrent.ThreadPoolExecutor.runWorker(ThreadPoolExecutor.java:1136)
[        ] 	at java.base/java.util.concurrent.ThreadPoolExecutor$Worker.run(ThreadPoolExecutor.java:635)
[        ] 	at java.base/java.lang.Thread.run(Thread.java:840)
[        ] Caused by: org.gradle.internal.metaobject.AbstractDynamicObject$CustomMessageMissingMethodException: Could not find method jcenter() for arguments [] on repository container of type org.gradle.api.internal.artifacts.dsl.DefaultRepositoryHandler.
[        ] 	at org.gradle.internal.metaobject.AbstractDynamicObject$CustomMissingMethodExecutionFailed.<init>(AbstractDynamicObject.java:195)
[        ] 	at org.gradle.internal.metaobject.AbstractDynamicObject.methodMissingException(AbstractDynamicObject.java:189)
[        ] 	at org.gradle.internal.metaobject.ConfigureDelegate.invokeMethod(ConfigureDelegate.java:84)
[        ] 	at org.codehaus.groovy.runtime.InvokerHelper.invokePogoMethod(InvokerHelper.java:651)
[        ] 	at org.codehaus.groovy.runtime.InvokerHelper.invokeMethod(InvokerHelper.java:628)
[        ] 	at org.codehaus.groovy.runtime.metaclass.ClosureMetaClass.invokeOnDelegationObjects(ClosureMetaClass.java:392)
[        ] 	at org.codehaus.groovy.runtime.metaclass.ClosureMetaClass.invokeMethod(ClosureMetaClass.java:329)
--
[        ] 	at org.gradle.internal.operations.DefaultBuildOperationRunner$1.execute(DefaultBuildOperationRunner.java:29)
[        ] 	at org.gradle.internal.operations.DefaultBuildOperationRunner$1.execute(DefaultBuildOperationRunner.java:26)
[        ] 	at org.gradle.internal.operations.DefaultBuildOperationRunner$2.execute(DefaultBuildOperationRunner.java:66)
[        ] 	at org.gradle.internal.operations.DefaultBuildOperationRunner$2.execute(DefaultBuildOperationRunner.java:59)
[        ] 	at org.gradle.internal.operations.DefaultBuildOperationRunner.execute(DefaultBuildOperationRunner.java:166)
[        ] 	at org.gradle.internal.operations.DefaultBuildOperationRunner.execute(DefaultBuildOperationRunner.java:59)
[        ] 	at org.gradle.internal.operations.DefaultBuildOperationRunner.run(DefaultBuildOperationRunner.java:47)
[        ] 	at org.gradle.api.internal.project.BuildOperationCrossProjectConfigurator.runBlockConfigureAction(BuildOperationCrossProjectConfigurator.java:61)
[        ] 	at org.gradle.api.internal.project.BuildOperationCrossProjectConfigurator.allprojects(BuildOperationCrossProjectConfigurator.java:52)
[        ] 	at org.gradle.api.internal.project.DefaultProject.allprojects(DefaultProject.java:774)
[        ] 	at org.gradle.api.internal.project.DefaultProject.allprojects(DefaultProject.java:764)
[        ] 	at org.codehaus.groovy.vmplugin.v8.IndyInterface.fromCache(IndyInterface.java:321)
[        ] 	at build_27ntzqg9qh2ws4l0ctxe3qf8u.run(/home/runner/.pub-cache/hosted/pub.dev/auto_start_flutter-1.4.0/android/build.gradle:18)
[        ] 	at org.gradle.groovy.scripts.internal.DefaultScriptRunnerFactory$ScriptRunnerImpl.run(DefaultScriptRunnerFactory.java:91)
[        ] 	... 164 more
[        ] ==============================================================================
[        ] 2: Task failed with an exception.
[        ] -----------
[        ] * What went wrong:
[        ] A problem occurred configuring project ':auto_start_flutter'.
[        ] > java.lang.NullPointerException (no error message)
[        ] * Try:
[        ] > Run with --debug option to get more log output.
[        ] > Run with --scan to generate a Build Scan (Powered by Develocity).
[        ] > Get more help at https://help.gradle.org.
[        ] * Exception is:
[        ] org.gradle.api.ProjectConfigurationException: A problem occurred configuring project ':auto_start_flutter'.
[        ] 	at org.gradle.configuration.project.LifecycleProjectEvaluator.wrapException(LifecycleProjectEvaluator.java:84)
[        ] 	at org.gradle.configuration.project.LifecycleProjectEvaluator.addConfigurationFailure(LifecycleProjectEvaluator.java:77)
[        ] 	at org.gradle.configuration.project.LifecycleProjectEvaluator.access$500(LifecycleProjectEvaluator.java:55)
[        ] 	at org.gradle.configuration.project.LifecycleProjectEvaluator$EvaluateProject.lambda$run$0(LifecycleProjectEvaluator.java:111)
[        ] 	at org.gradle.api.internal.project.DefaultProjectStateRegistry$ProjectStateImpl.lambda$applyToMutableState$1(DefaultProjectStateRegistry.java:442)
[        ] 	at org.gradle.api.internal.project.DefaultProjectStateRegistry$ProjectStateImpl.lambda$fromMutableState$2(DefaultProjectStateRegistry.java:465)
--
[        ] 	at org.gradle.launcher.daemon.server.api.DaemonCommandExecution.proceed(DaemonCommandExecution.java:104)
[        ] 	at org.gradle.launcher.daemon.server.exec.ForwardClientInput.lambda$execute$0(ForwardClientInput.java:40)
[        ] 	at org.gradle.internal.daemon.clientinput.ClientInputForwarder.forwardInput(ClientInputForwarder.java:80)
[        ] 	at org.gradle.launcher.daemon.server.exec.ForwardClientInput.execute(ForwardClientInput.java:37)
[        ] 	at org.gradle.launcher.daemon.server.api.DaemonCommandExecution.proceed(DaemonCommandExecution.java:104)
[        ] 	at org.gradle.launcher.daemon.server.exec.LogAndCheckHealth.execute(LogAndCheckHealth.java:64)
[        ] 	at org.gradle.launcher.daemon.server.api.DaemonCommandExecution.proceed(DaemonCommandExecution.java:104)
[        ] 	at org.gradle.launcher.daemon.server.exec.LogToClient.doBuild(LogToClient.java:63)
[        ] 	at org.gradle.launcher.daemon.server.exec.BuildCommandOnly.execute(BuildCommandOnly.java:37)
[        ] 	at org.gradle.launcher.daemon.server.api.DaemonCommandExecution.proceed(DaemonCommandExecution.java:104)
[        ] 	at org.gradle.launcher.daemon.server.exec.EstablishBuildEnvironment.doBuild(EstablishBuildEnvironment.java:84)
[        ] 	at org.gradle.launcher.daemon.server.exec.BuildCommandOnly.execute(BuildCommandOnly.java:37)
[        ] 	at org.gradle.launcher.daemon.server.api.DaemonCommandExecution.proceed(DaemonCommandExecution.java:104)
[        ] 	at org.gradle.launcher.daemon.server.exec.StartBuildOrRespondWithBusy$1.run(StartBuildOrRespondWithBusy.java:52)
[        ] 	at org.gradle.launcher.daemon.server.DaemonStateCoordinator.lambda$runCommand$0(DaemonStateCoordinator.java:321)
[        ] 	at org.gradle.internal.concurrent.ExecutorPolicy$CatchAndRecordFailures.onExecute(ExecutorPolicy.java:64)
[        ] 	at org.gradle.internal.concurrent.AbstractManagedExecutor$1.run(AbstractManagedExecutor.java:47)
[        ] 	at java.base/java.util.concurrent.ThreadPoolExecutor.runWorker(ThreadPoolExecutor.java:1136)
[        ] 	at java.base/java.util.concurrent.ThreadPoolExecutor$Worker.run(ThreadPoolExecutor.java:635)
[        ] 	at java.base/java.lang.Thread.run(Thread.java:840)
[        ] Caused by: java.lang.NullPointerException
[        ] 	at com.flutter.gradle.FlutterPluginUtils.getLegacyAndroidExtension$gradle(FlutterPluginUtils.kt:514)
[        ] 	at com.flutter.gradle.FlutterPluginUtils.getCompileSdkFromProject(FlutterPluginUtils.kt:542)
[        ] 	at com.flutter.gradle.plugins.PluginHandler$Companion$configurePluginProject$2.execute(PluginHandler.kt:125)
[        ] 	at com.flutter.gradle.plugins.PluginHandler$Companion$configurePluginProject$2.execute(PluginHandler.kt:122)
[        ] 	at org.gradle.internal.code.DefaultUserCodeApplicationContext$CurrentApplication$1.execute(DefaultUserCodeApplicationContext.java:124)
